PB constants constants "//vmware-host/shared folders/amadeus/academic_materials/Semester_Fall2017/Computer_Orgnization/projects/MIPS16-processor/processor/src/constants.vhd" sub00/vhpl03 1511203332
PH constants NULL "//vmware-host/shared folders/amadeus/academic_materials/Semester_Fall2017/Computer_Orgnization/projects/MIPS16-processor/processor/src/constants.vhd" sub00/vhpl02 1511203331
EN controller NULL "//vmware-host/shared folders/amadeus/academic_materials/Semester_Fall2017/Computer_Orgnization/projects/MIPS16-processor/processor/src/controller.vhd" sub00/vhpl00 1511203333
AR controller behavioral "//vmware-host/shared folders/amadeus/academic_materials/Semester_Fall2017/Computer_Orgnization/projects/MIPS16-processor/processor/src/controller.vhd" sub00/vhpl01 1511203334
