V3 6
FL "//vmware-host/shared folders/amadeus/academic_materials/Semester_Fall2017/Computer_Orgnization/projects/MIPS16-processor/processor/src/constants.vhd" 2017/11/21.02:30:31 P.20131013
PH work/constants 1511203331 \
      FL "//vmware-host/shared folders/amadeus/academic_materials/Semester_Fall2017/Computer_Orgnization/projects/MIPS16-processor/processor/src/constants.vhd" \
      PB ieee/std_logic_1164 1381692176 PB ieee/std_logic_arith 1381692177 \
      PB ieee/STD_LOGIC_UNSIGNED 1381692179
PB work/constants 1511203332 \
      FL "//vmware-host/shared folders/amadeus/academic_materials/Semester_Fall2017/Computer_Orgnization/projects/MIPS16-processor/processor/src/constants.vhd" \
      PH work/constants 1511203331
FL "//vmware-host/shared folders/amadeus/academic_materials/Semester_Fall2017/Computer_Orgnization/projects/MIPS16-processor/processor/src/controller.vhd" 2017/11/21.02:41:28 P.20131013
EN work/controller 1511203333 \
      FL "//vmware-host/shared folders/amadeus/academic_materials/Semester_Fall2017/Computer_Orgnization/projects/MIPS16-processor/processor/src/controller.vhd" \
      PB ieee/std_logic_1164 1381692176 PB work/constants 1511203332
AR work/controller/Behavioral 1511203334 \
      FL "//vmware-host/shared folders/amadeus/academic_materials/Semester_Fall2017/Computer_Orgnization/projects/MIPS16-processor/processor/src/controller.vhd" \
      EN work/controller 1511203333
