#-----------------------------------------------------------
# PlanAhead v14.7 (64-bit)
# Build 321239 by xbuild on Fri Sep 27 19:29:51 MDT 2013
# Start of session at: Sun Dec 03 11:27:19 2017
# Process ID: 3760
# Log file: Z:/amadeus/academic_materials/Semester_Fall2017/Computer_Orgnization/projects/MIPS16-processor/processor/planAhead_run_3/planAhead.log
# Journal file: Z:/amadeus/academic_materials/Semester_Fall2017/Computer_Orgnization/projects/MIPS16-processor/processor/planAhead_run_3/planAhead.jou
#-----------------------------------------------------------
start_gui
source Z:/amadeus/academic_materials/Semester_Fall2017/Computer_Orgnization/projects/MIPS16-processor/processor/pa.fromNetlist.tcl
startgroup
set_property package_pin U9 [get_ports clk]
endgroup
set_property package_pin "" [get_ports [list  clk]]
startgroup
set_property package_pin U9 [get_ports clk_manual]
endgroup
startgroup
set_property package_pin B9 [get_ports clk]
endgroup
save_constraints
set_property package_pin "" [get_ports [list  clk]]
startgroup
set_property package_pin B9 [get_ports clk_manual]
endgroup
startgroup
set_property package_pin U9 [get_ports clk]
endgroup
save_constraints
