#-----------------------------------------------------------
# PlanAhead v14.6
# Build 269223 by xbuild on Wed Jun  5 11:17:50 MDT 2013
# Start of session at: Sat Dec 02 21:45:01 2017
# Process ID: 10892
# Log file: C:/Users/cslab/Downloads/MIPS16-processor-master/processor/planAhead_run_3/planAhead.log
# Journal file: C:/Users/cslab/Downloads/MIPS16-processor-master/processor/planAhead_run_3/planAhead.jou
#-----------------------------------------------------------
start_gui
source C:/Users/cslab/Downloads/MIPS16-processor-master/processor/pa.fromNetlist.tcl
set_property package_pin "" [get_ports [list  {oBlue[2]}]]
startgroup
set_property package_pin B6 [get_ports {oBlue[2]}]
endgroup
startgroup
set_property package_pin A6 [get_ports {oBlue[1]}]
endgroup
startgroup
set_property package_pin D5 [get_ports {oBlue[0]}]
endgroup
startgroup
set_property package_pin C5 [get_ports {oGreen[2]}]
endgroup
startgroup
set_property package_pin C4 [get_ports {oGreen[1]}]
endgroup
startgroup
set_property package_pin B4 [get_ports {oGreen[0]}]
endgroup
startgroup
set_property package_pin A4 [get_ports {oRed[2]}]
endgroup
startgroup
set_property package_pin C3 [get_ports {oRed[1]}]
endgroup
startgroup
set_property package_pin A7 [get_ports {oRed[0]}]
endgroup
startgroup
set_property package_pin D6 [get_ports hs]
endgroup
startgroup
set_property package_pin E6 [get_ports vs]
endgroup
save_constraints
